0 verbose cli /usr/local/bin/node /usr/local/bin/npm
1 info using npm@11.17.0
2 info using node@v22.23.0
3 silly config load:file:/usr/local/lib/node_modules/npm/npmrc
4 silly config load:file:/home/container/.npmrc
5 silly config load:file:/usr/local/etc/npmrc
6 verbose title npm install
7 verbose argv "install"
8 verbose logfile logs-max:10 dir:/home/container/.npm/_logs/2026-08-14T11_36_24_205Z-
9 verbose logfile /home/container/.npm/_logs/2026-08-14T11_36_24_205Z-debug-0.log
10 silly logfile start cleaning logs, removing 1 files
11 silly logfile done cleaning log files
12 silly packumentCache heap:628097024 maxSize:157024256 maxEntrySize:78512128
13 silly idealTree buildDeps
14 silly reify moves {}
15 silly audit bulk request {
15 silly audit   '@adiwajshing/keyed-db': [ '0.2.4' ],
15 silly audit   '@borewit/text-codec': [ '0.2.2' ],
15 silly audit   '@cacheable/memory': [ '2.2.0' ],
15 silly audit   '@cacheable/node-cache': [ '1.7.6' ],
15 silly audit   '@cacheable/utils': [ '2.5.0' ],
15 silly audit   '@emnapi/runtime': [ '1.11.3' ],
15 silly audit   '@hapi/boom': [ '9.1.4' ],
15 silly audit   '@hapi/hoek': [ '9.3.0' ],
15 silly audit   '@img/colour': [ '1.1.0' ],
15 silly audit   '@img/sharp-darwin-arm64': [ '0.35.3' ],
15 silly audit   '@img/sharp-darwin-x64': [ '0.35.3' ],
15 silly audit   '@img/sharp-freebsd-wasm32': [ '0.35.3' ],
15 silly audit   '@img/sharp-libvips-darwin-arm64': [ '1.3.2' ],
15 silly audit   '@img/sharp-libvips-darwin-x64': [ '1.3.2' ],
15 silly audit   '@img/sharp-libvips-linux-arm': [ '1.3.2' ],
15 silly audit   '@img/sharp-libvips-linux-arm64': [ '1.3.2' ],
15 silly audit   '@img/sharp-libvips-linux-ppc64': [ '1.3.2' ],
15 silly audit   '@img/sharp-libvips-linux-riscv64': [ '1.3.2' ],
15 silly audit   '@img/sharp-libvips-linux-s390x': [ '1.3.2' ],
15 silly audit   '@img/sharp-libvips-linux-x64': [ '1.3.2' ],
15 silly audit   '@img/sharp-libvips-linuxmusl-arm64': [ '1.3.2' ],
15 silly audit   '@img/sharp-libvips-linuxmusl-x64': [ '1.3.2' ],
15 silly audit   '@img/sharp-linux-arm': [ '0.35.3' ],
15 silly audit   '@img/sharp-linux-arm64': [ '0.35.3' ],
15 silly audit   '@img/sharp-linux-ppc64': [ '0.35.3' ],
15 silly audit   '@img/sharp-linux-riscv64': [ '0.35.3' ],
15 silly audit   '@img/sharp-linux-s390x': [ '0.35.3' ],
15 silly audit   '@img/sharp-linux-x64': [ '0.35.3' ],
15 silly audit   '@img/sharp-linuxmusl-arm64': [ '0.35.3' ],
15 silly audit   '@img/sharp-linuxmusl-x64': [ '0.35.3' ],
15 silly audit   '@img/sharp-wasm32': [ '0.35.3' ],
15 silly audit   '@img/sharp-webcontainers-wasm32': [ '0.35.3' ],
15 silly audit   '@img/sharp-win32-arm64': [ '0.35.3' ],
15 silly audit   '@img/sharp-win32-ia32': [ '0.35.3' ],
15 silly audit   '@img/sharp-win32-x64': [ '0.35.3' ],
15 silly audit   '@jimp/core': [ '1.6.1' ],
15 silly audit   'file-type': [ '21.3.4', '16.5.4' ],
15 silly audit   strtok3: [ '10.3.5', '6.3.0' ],
15 silly audit   'token-types': [ '6.1.2', '4.2.1' ],
15 silly audit   '@jimp/diff': [ '1.6.1' ],
15 silly audit   '@jimp/file-ops': [ '1.6.1' ],
15 silly audit   '@jimp/js-bmp': [ '1.6.1' ],
15 silly audit   '@jimp/js-gif': [ '1.6.1' ],
15 silly audit   '@jimp/js-jpeg': [ '1.6.1' ],
15 silly audit   '@jimp/js-png': [ '1.6.1' ],
15 silly audit   '@jimp/js-tiff': [ '1.6.1' ],
15 silly audit   '@jimp/plugin-blit': [ '1.6.1' ],
15 silly audit   '@jimp/plugin-blur': [ '1.6.1' ],
15 silly audit   '@jimp/plugin-circle': [ '1.6.1' ],
15 silly audit   '@jimp/plugin-color': [ '1.6.1' ],
15 silly audit   '@jimp/plugin-contain': [ '1.6.1' ],
15 silly audit   '@jimp/plugin-cover': [ '1.6.1' ],
15 silly audit   '@jimp/plugin-crop': [ '1.6.1' ],
15 silly audit   '@jimp/plugin-displace': [ '1.6.1' ],
15 silly audit   '@jimp/plugin-dither': [ '1.6.1' ],
15 silly audit   '@jimp/plugin-fisheye': [ '1.6.1' ],
15 silly audit   '@jimp/plugin-flip': [ '1.6.1' ],
15 silly audit   '@jimp/plugin-hash': [ '1.6.1' ],
15 silly audit   '@jimp/plugin-mask': [ '1.6.1' ],
15 silly audit   '@jimp/plugin-print': [ '1.6.1' ],
15 silly audit   '@jimp/plugin-quantize': [ '1.6.1' ],
15 silly audit   '@jimp/plugin-resize': [ '1.6.1' ],
15 silly audit   '@jimp/plugin-rotate': [ '1.6.1' ],
15 silly audit   '@jimp/plugin-threshold': [ '1.6.1' ],
15 silly audit   '@jimp/types': [ '1.6.1' ],
15 silly audit   '@jimp/utils': [ '1.6.1' ],
15 silly audit   '@jsep-plugin/assignment': [ '1.3.0' ],
15 silly audit   '@jsep-plugin/regex': [ '1.0.4' ],
15 silly audit   '@keyv/bigmap': [ '1.3.1' ],
15 silly audit   '@keyv/serialize': [ '1.1.1' ],
15 silly audit   '@pinojs/redact': [ '0.4.0' ],
15 silly audit   '@protobufjs/aspromise': [ '1.1.2' ],
15 silly audit   '@protobufjs/base64': [ '1.1.2' ],
15 silly audit   '@protobufjs/codegen': [ '2.0.5' ],
15 silly audit   '@protobufjs/eventemitter': [ '1.1.1' ],
15 silly audit   '@protobufjs/fetch': [ '1.1.1' ],
15 silly audit   '@protobufjs/float': [ '1.0.2' ],
15 silly audit   '@protobufjs/path': [ '1.1.2' ],
15 silly audit   '@protobufjs/pool': [ '1.1.0' ],
15 silly audit   '@protobufjs/utf8': [ '1.1.2' ],
15 silly audit   '@tokenizer/inflate': [ '0.4.1' ],
15 silly audit   '@tokenizer/token': [ '0.3.0' ],
15 silly audit   '@types/http-errors': [ '1.8.2' ],
15 silly audit   '@types/node': [ '16.9.1' ],
15 silly audit   '@vitalets/google-translate-api': [ '9.2.1' ],
15 silly audit   'node-fetch': [ '2.7.0', '3.3.2' ],
15 silly audit   'abort-controller': [ '3.0.0' ],
15 silly audit   acorn: [ '7.4.1' ],
15 silly audit   'acorn-node': [ '1.8.2' ],
15 silly audit   'acorn-walk': [ '7.2.0' ],
15 silly audit   'agent-base': [ '6.0.2' ],
15 silly audit   'ansi-regex': [ '3.0.1' ],
15 silly audit   'ansi-styles': [ '4.3.0' ],
15 silly audit   'any-base': [ '1.1.0' ],
15 silly audit   'aptoide-scraper': [ '1.0.1' ],
15 silly audit   axios: [ '1.19.0', '0.24.0' ],
15 silly audit   async: [ '0.2.10' ],
15 silly audit   'async-mutex': [ '0.5.0' ],
15 silly audit   'async.parallellimit': [ '0.5.2' ],
15 silly audit   'async.util.eachoflimit': [ '0.5.2' ],
15 silly audit   'async.util.isarray': [ '0.5.2' ],
15 silly audit   'async.util.isarraylike': [ '0.5.2' ],
15 silly audit   'async.util.keyiterator': [ '0.5.2' ],
15 silly audit   'async.util.keys': [ '0.5.2' ],
15 silly audit   'async.util.noop': [ '0.5.2' ],
15 silly audit   'async.util.once': [ '0.5.2' ],
15 silly audit   'async.util.onlyonce': [ '0.5.2' ],
15 silly audit   'async.util.parallel': [ '0.5.2' ],
15 silly audit   'async.util.restparam': [ '0.5.2' ],
15 silly audit   asynckit: [ '0.4.0' ],
15 silly audit   'atomic-sleep': [ '1.0.0' ],
15 silly audit   'await-to-js': [ '3.0.0' ],
15 silly audit   WaSocket: [ '7.0.0-rc14' ],
15 silly audit   pino: [ '9.14.0', '8.21.0' ],
15 silly audit   'pino-abstract-transport': [ '2.0.0', '1.2.0' ],
15 silly audit   'pino-std-serializers': [ '7.1.0', '6.2.2' ],
15 silly audit   'process-warning': [ '5.1.0', '3.0.0' ],
15 silly audit   'sonic-boom': [ '4.2.1', '3.8.1' ],
15 silly audit   'thread-stream': [ '3.2.0', '2.7.0' ],
15 silly audit   'balanced-match': [ '1.0.2' ],
15 silly audit   'base64-js': [ '1.5.1' ],
15 silly audit   'better-sqlite3': [ '11.10.0' ],
15 silly audit   bindings: [ '1.5.0' ],
15 silly audit   bl: [ '4.1.0' ],
15 silly audit   buffer: [ '5.7.1', '6.0.3' ],
15 silly audit   'readable-stream': [ '3.6.2', '4.7.0' ],
15 silly audit   'bmp-ts': [ '1.0.9' ],
15 silly audit   boolbase: [ '1.0.0' ],
15 silly audit   boolstring: [ '2.0.1' ],
15 silly audit   'brace-expansion': [ '1.1.18' ],
15 silly audit   cacheable: [ '2.5.0' ],
15 silly audit   'call-bind-apply-helpers': [ '1.0.2' ],
15 silly audit   chalk: [ '4.1.2' ],
15 silly audit   cheerio: [ '1.0.0-rc.12' ],
15 silly audit   'cheerio-select': [ '2.1.0' ],
15 silly audit   chownr: [ '1.1.4' ],
15 silly audit   clone: [ '2.1.2' ],
15 silly audit   'color-convert': [ '2.0.1' ],
15 silly audit   'color-name': [ '1.1.4' ],
15 silly audit   'combined-stream': [ '1.0.8' ],
15 silly audit   'concat-map': [ '0.0.1' ],
15 silly audit   'content-type': [ '2.0.0' ],
15 silly audit   'css-select': [ '5.2.2' ],
15 silly audit   'css-what': [ '6.2.2' ],
15 silly audit   'curve25519-js': [ '0.0.4' ],
15 silly audit   dasu: [ '0.4.3' ],
15 silly audit   'data-uri-to-buffer': [ '4.0.1' ],
15 silly audit   debug: [ '4.4.3' ],
15 silly audit   'decompress-response': [ '6.0.0' ],
15 silly audit   'deep-extend': [ '0.6.0' ],
15 silly audit   'delayed-stream': [ '1.0.0' ],
15 silly audit   depd: [ '2.0.0' ],
15 silly audit   'detect-libc': [ '2.1.2' ],
15 silly audit   'dom-serializer': [ '2.0.0' ],
15 silly audit   domelementtype: [ '2.3.0' ],
15 silly audit   domhandler: [ '5.0.3' ],
15 silly audit   domutils: [ '3.2.2' ],
15 silly audit   'dunder-proto': [ '1.0.1' ],
15 silly audit   'end-of-stream': [ '1.4.5' ],
15 silly audit   entities: [ '4.5.0', '6.0.1' ],
15 silly audit   'es-define-property': [ '1.0.1' ],
15 silly audit   'es-errors': [ '1.3.0' ],
15 silly audit   'es-object-atoms': [ '1.1.2' ],
15 silly audit   'es-set-tostringtag': [ '2.1.0' ],
15 silly audit   'event-target-shim': [ '5.0.1' ],
15 silly audit   eventemitter3: [ '5.0.4' ],
15 silly audit   events: [ '3.3.0' ],
15 silly audit   'exif-parser': [ '0.1.12' ],
15 silly audit   'expand-template': [ '2.0.3' ],
15 silly audit   'fast-redact': [ '3.5.0' ],
15 silly audit   'fetch-blob': [ '3.2.0' ],
15 silly audit   fflate: [ '0.8.3' ],
15 silly audit   file_size_url: [ '1.0.4' ],
15 silly audit   'file-uri-to-path': [ '1.0.0' ],
15 silly audit   'fluent-ffmpeg': [ '2.1.3' ],
15 silly audit   'follow-redirects': [ '1.16.0' ],
15 silly audit   'form-data': [ '4.0.6' ],
15 silly audit   'formdata-polyfill': [ '4.0.10' ],
15 silly audit   'fs-constants': [ '1.0.0' ],
15 silly audit   'function-bind': [ '1.1.2' ],
15 silly audit   'get-intrinsic': [ '1.3.0' ],
15 silly audit   'get-proto': [ '1.0.1' ],
15 silly audit   gifwrap: [ '0.10.1' ],
15 silly audit   'github-from-package': [ '0.0.0' ],
15 silly audit   gopd: [ '1.2.0' ],
15 silly audit   'grapheme-splitter': [ '1.0.4' ],
15 silly audit   'has-flag': [ '4.0.0' ],
15 silly audit   'has-symbols': [ '1.1.0' ],
15 silly audit   'has-tostringtag': [ '1.0.2' ],
15 silly audit   hashery: [ '1.5.1' ],
15 silly audit   hasown: [ '2.0.4' ],
15 silly audit   hookified: [ '1.15.1', '2.2.0' ],
15 silly audit   htmlparser2: [ '8.0.2' ],
15 silly audit   'http-errors': [ '2.0.1' ],
15 silly audit   'https-proxy-agent': [ '5.0.1' ],
15 silly audit   'human-readable': [ '0.2.1' ],
15 silly audit   'human-time': [ '0.0.2' ],
15 silly audit   ieee754: [ '1.2.1' ],
15 silly audit   'image-q': [ '4.0.0' ],
15 silly audit   inherits: [ '2.0.4' ],
15 silly audit   ini: [ '1.3.8' ],
15 silly audit   'is-fullwidth-code-point': [ '2.0.0' ],
15 silly audit   isexe: [ '2.0.0' ],
15 silly audit   jimp: [ '1.6.1' ],
15 silly audit   'jpeg-js': [ '0.4.4' ],
15 silly audit   jsep: [ '1.4.0' ],
15 silly audit   'jsonpath-plus': [ '10.3.0' ],
15 silly audit   keypress: [ '0.2.1' ],
15 silly audit   keyv: [ '5.6.0' ],
15 silly audit   'levenshtein-edit-distance': [ '2.0.5' ],
15 silly audit   libsignal: [ '6.0.0' ],
15 silly audit   lodash: [ '4.18.1' ],
15 silly audit   long: [ '5.3.2' ],
15 silly audit   'lru-cache': [ '11.5.2' ],
15 silly audit   'math-intrinsics': [ '1.1.0' ],
15 silly audit   'media-typer': [ '2.0.0' ],
15 silly audit   mime: [ '3.0.0' ],
15 silly audit   'mime-db': [ '1.52.0' ],
15 silly audit   'mime-types': [ '2.1.35' ],
15 silly audit   'mimic-fn': [ '2.1.0' ],
15 silly audit   'mimic-response': [ '3.1.0' ],
15 silly audit   minimatch: [ '3.0.8' ],
15 silly audit   minimist: [ '1.2.8' ],
15 silly audit   'mkdirp-classic': [ '0.5.3' ],
15 silly audit   moment: [ '2.30.1' ],
15 silly audit   'moment-timezone': [ '0.5.48' ],
15 silly audit   ms: [ '2.1.3' ],
15 silly audit   'music-metadata': [ '11.14.0' ],
15 silly audit   'napi-build-utils': [ '2.0.0' ],
15 silly audit   'node-abi': [ '3.94.0' ],
15 silly audit   'node-cache': [ '5.1.2' ],
15 silly audit   'node-domexception': [ '1.0.0' ],
15 silly audit   'node-fzf': [ '0.14.0' ],
15 silly audit   'node-webpmux': [ '3.2.1' ],
15 silly audit   'nth-check': [ '2.1.1' ],
15 silly audit   omggif: [ '1.0.10' ],
15 silly audit   'on-exit-leak-free': [ '2.1.2' ],
15 silly audit   once: [ '1.4.0' ],
15 silly audit   onetime: [ '5.1.2' ],
15 silly audit   'p-queue': [ '9.3.3' ],
15 silly audit   'p-timeout': [ '7.0.1' ],
15 silly audit   pako: [ '1.0.11' ],
15 silly audit   'parse-bmfont-ascii': [ '1.0.6' ],
15 silly audit   'parse-bmfont-binary': [ '1.0.6' ],
15 silly audit   'parse-bmfont-xml': [ '1.1.6' ],
15 silly audit   parse5: [ '7.3.0' ],
15 silly audit   'parse5-htmlparser2-tree-adapter': [ '7.1.0' ],
15 silly audit   'peek-readable': [ '4.1.0' ],
15 silly audit   picocolors: [ '1.1.1' ],
15 silly audit   pixelmatch: [ '5.3.0' ],
15 silly audit   pngjs: [ '6.0.0', '7.0.0' ],
15 silly audit   'prebuild-install': [ '7.1.3' ],
15 silly audit   process: [ '0.11.10' ],
15 silly audit   protobufjs: [ '7.6.5' ],
15 silly audit   'proxy-from-env': [ '2.1.0' ],
15 silly audit   pump: [ '3.0.4' ],
15 silly audit   qified: [ '0.10.1' ],
15 silly audit   'qrcode-terminal': [ '0.12.0' ],
15 silly audit   'quick-format-unescaped': [ '4.0.4' ],
15 silly audit   rc: [ '1.2.8' ],
15 silly audit   'readable-web-to-node-stream': [ '3.0.4' ],
15 silly audit   'readline-sync': [ '1.4.10' ],
15 silly audit   'real-require': [ '0.2.0' ],
15 silly audit   redstar: [ '0.0.2' ],
15 silly audit   'restore-cursor': [ '3.1.0' ],
15 silly audit   'safe-buffer': [ '5.2.1' ],
15 silly audit   'safe-stable-stringify': [ '2.5.0' ],
15 silly audit   sax: [ '1.6.1' ],
15 silly audit   semver: [ '7.8.5' ],
15 silly audit   setprototypeof: [ '1.2.0' ],
15 silly audit   sharp: [ '0.35.3' ],
15 silly audit   'signal-exit': [ '3.0.7' ],
15 silly audit   similarity: [ '1.2.1' ],
15 silly audit   'simple-concat': [ '1.0.1' ],
15 silly audit   'simple-get': [ '4.0.1' ],
15 silly audit   'simple-xml-to-json': [ '1.2.7' ],
15 silly audit   split2: [ '4.2.0' ],
15 silly audit   statuses: [ '2.0.2' ],
15 silly audit   string_decoder: [ '1.3.0' ],
15 silly audit   'string-width': [ '2.1.1' ],
15 silly audit   'strip-ansi': [ '4.0.0' ],
15 silly audit   'strip-json-comments': [ '2.0.1' ],
15 silly audit   'supports-color': [ '7.2.0' ],
15 silly audit   'syntax-error': [ '1.4.0' ],
15 silly audit   'tar-fs': [ '2.1.5' ],
15 silly audit   'tar-stream': [ '2.2.0' ],
15 silly audit   tinycolor2: [ '1.6.0' ],
15 silly audit   toidentifier: [ '1.0.1' ],
15 silly audit   tr46: [ '0.0.3' ],
15 silly audit   tslib: [ '2.8.1' ],
15 silly audit   ttys: [ '0.0.3' ],
15 silly audit   'tunnel-agent': [ '0.6.0' ],
15 silly audit   'uint8array-extras': [ '1.5.0' ],
15 silly audit   utif2: [ '4.1.0' ],
15 silly audit   'util-deprecate': [ '1.0.2' ],
15 silly audit   'web-streams-polyfill': [ '3.3.3' ],
15 silly audit   'webidl-conversions': [ '3.0.1' ],
15 silly audit   'whatsapp-rust-bridge': [ '0.5.4' ],
15 silly audit   'whatwg-url': [ '5.0.0' ],
15 silly audit   which: [ '1.3.1' ],
15 silly audit   'win-guid': [ '0.2.1' ],
15 silly audit   wrappy: [ '1.0.2' ],
15 silly audit   ws: [ '8.21.3' ],
15 silly audit   'xml-parse-from-string': [ '1.0.1' ],
15 silly audit   xml2js: [ '0.5.0' ],
15 silly audit   xmlbuilder: [ '11.0.1' ],
15 silly audit   xtend: [ '4.0.2' ],
15 silly audit   'yt-search': [ '2.13.1' ],
15 silly audit   zod: [ '3.25.76' ]
15 silly audit }
16 http fetch POST 200 https://registry.npmjs.org/-/npm/v1/security/advisories/bulk 643ms
17 silly audit report {
17 silly audit report   'file-type': [
17 silly audit report     {
17 silly audit report       id: 1114301,
17 silly audit report       url: 'https://github.com/advisories/GHSA-5v7r-6r5c-r473',
17 silly audit report       title: 'file-type affected by infinite loop in ASF parser on malformed input with zero-size sub-header',
17 silly audit report       severity: 'moderate',
17 silly audit report       vulnerable_versions: '>=13.0.0 <21.3.1',
17 silly audit report       cwe: [Array],
17 silly audit report       cvss: [Object]
17 silly audit report     }
17 silly audit report   ],
17 silly audit report   axios: [
17 silly audit report     {
17 silly audit report       id: 1111034,
17 silly audit report       url: 'https://github.com/advisories/GHSA-jr5f-v2jv-69x6',
17 silly audit report       title: 'axios Requests Vulnerable To Possible SSRF and Credential Leakage via Absolute URL',
17 silly audit report       severity: 'high',
17 silly audit report       vulnerable_versions: '<0.30.0',
17 silly audit report       cwe: [Array],
17 silly audit report       cvss: [Object]
17 silly audit report     },
17 silly audit report     {
17 silly audit report       id: 1119403,
17 silly audit report       url: 'https://github.com/advisories/GHSA-fvcv-3m26-pcqx',
17 silly audit report       title: 'Axios has Unrestricted Cloud Metadata Exfiltration via Header Injection Chain',
17 silly audit report       severity: 'moderate',
17 silly audit report       vulnerable_versions: '<0.31.0',
17 silly audit report       cwe: [Array],
17 silly audit report       cvss: [Object]
17 silly audit report     },
17 silly audit report     {
17 silly audit report       id: 1120124,
17 silly audit report       url: 'https://github.com/advisories/GHSA-62hf-57xw-28j9',
17 silly audit report       title: 'Axios: unbounded recursion in toFormData causes DoS via deeply nested request data',
17 silly audit report       severity: 'moderate',
17 silly audit report       vulnerable_versions: '<=0.31.0',
17 silly audit report       cwe: [Array],
17 silly audit report       cvss: [Object]
17 silly audit report     },
17 silly audit report     {
17 silly audit report       id: 1120546,
17 silly audit report       url: 'https://github.com/advisories/GHSA-hfxv-24rg-xrqf',
17 silly audit report       title: 'Axios: Regular Expression Denial of Service (ReDoS) via Cookie Name Injection',
17 silly audit report       severity: 'high',
17 silly audit report       vulnerable_versions: '<=0.31.1',
17 silly audit report       cwe: [Array],
17 silly audit report       cvss: [Object]
17 silly audit report     },
17 silly audit report     {
17 silly audit report       id: 1120644,
17 silly audit report       url: 'https://github.com/advisories/GHSA-p92q-9vqr-4j8v',
17 silly audit report       title: 'Axios: Proxy-Authorization Credential Leak to Origin Server Across HTTP-to-HTTPS Redirect in Axios Node.js HTTP Adapter',
17 silly audit report       severity: 'high',
17 silly audit report       vulnerable_versions: '<=0.31.1',
17 silly audit report       cwe: [Array],
17 silly audit report       cvss: [Object]
17 silly audit report     },
17 silly audit report     {
17 silly audit report       id: 1120646,
17 silly audit report       url: 'https://github.com/advisories/GHSA-j5f8-grm9-p9fc',
17 silly audit report       title: 'Axios: Proxy-Authorization header leaks to redirect target when proxy is re-evaluated to direct connection',
17 silly audit report       severity: 'high',
17 silly audit report       vulnerable_versions: '<=0.31.1',
17 silly audit report       cwe: [Array],
17 silly audit report       cvss: [Object]
17 silly audit report     },
17 silly audit report     {
17 silly audit report       id: 1120648,
17 silly audit report       url: 'https://github.com/advisories/GHSA-3g43-6gmg-66jw',
17 silly audit report       title: 'axios Vulnerable to Credential Theft and Response Hijacking via Prototype Pollution Gadget in Config Merge',
17 silly audit report       severity: 'high',
17 silly audit report       vulnerable_versions: '>=0.19.0 <0.31.1',
17 silly audit report       cwe: [Array],
17 silly audit report       cvss: [Object]
17 silly audit report     },
17 silly audit report     {
17 silly audit report       id: 1120651,
17 silly audit report       url: 'https://github.com/advisories/GHSA-898c-q2cr-xwhg',
17 silly audit report       title: 'axios has DoS & Header Injection via Prototype Pollution Read-Side Gadgets in axios merge functions',
17 silly audit report       severity: 'moderate',
17 silly audit report       vulnerable_versions: '<=0.31.1',
17 silly audit report       cwe: [Array],
17 silly audit report       cvss: [Object]
17 silly audit report     },
17 silly audit report     {
17 silly audit report       id: 1116672,
17 silly audit report       url: 'https://github.com/advisories/GHSA-3p68-rc4w-qgx5',
17 silly audit report       title: 'Axios has a NO_PROXY Hostname Normalization Bypass that Leads to SSRF',
17 silly audit report       severity: 'moderate',
17 silly audit report       vulnerable_versions: '<0.31.0',
17 silly audit report       cwe: [Array],
17 silly audit report       cvss: [Object]
17 silly audit report     },
17 silly audit report     {
17 silly audit report       id: 1117573,
17 silly audit report       url: 'https://github.com/advisories/GHSA-w9j2-pvgh-6h63',
17 silly audit report       title: 'Axios: Authentication Bypass via Prototype Pollution Gadget in `validateStatus` Merge Strategy',
17 silly audit report       severity: 'moderate',
17 silly audit report       vulnerable_versions: '<=0.31.0',
17 silly audit report       cwe: [Array],
17 silly audit report       cvss: [Object]
17 silly audit report     },
17 silly audit report     {
17 silly audit report       id: 1117575,
17 silly audit report       url: 'https://github.com/advisories/GHSA-pmwg-cvhr-8vh7',
17 silly audit report       title: 'Axios: Incomplete Fix for CVE-2025-62718 — NO_PROXY Protection Bypassed via RFC 1122 Loopback Subnet (127.0.0.0/8) in Axios 1.15.0',
17 silly audit report       severity: 'high',
17 silly audit report       vulnerable_versions: '<=0.31.0',
17 silly audit report       cwe: [Array],
17 silly audit report       cvss: [Object]
17 silly audit report     },
17 silly audit report     {
17 silly audit report       id: 1117579,
17 silly audit report       url: 'https://github.com/advisories/GHSA-xhjh-pmcv-23jw',
17 silly audit report       title: 'Axios: Null Byte Injection via Reverse-Encoding in AxiosURLSearchParams',
17 silly audit report       severity: 'low',
17 silly audit report       vulnerable_versions: '<=0.31.0',
17 silly audit report       cwe: [Array],
17 silly audit report       cvss: [Object]
17 silly audit report     },
17 silly audit report     {
17 silly audit report       id: 1117582,
17 silly audit report       url: 'https://github.com/advisories/GHSA-m7pr-hjqh-92cm',
17 silly audit report       title: 'Axios: no_proxy bypass via IP alias allows SSRF',
17 silly audit report       severity: 'moderate',
17 silly audit report       vulnerable_versions: '<=0.31.0',
17 silly audit report       cwe: [Array],
17 silly audit report       cvss: [Object]
17 silly audit report     },
17 silly audit report     {
17 silly audit report       id: 1117586,
17 silly audit report       url: 'https://github.com/advisories/GHSA-5c9x-8gcm-mpgx',
17 silly audit report       title: "Axios' HTTP adapter-streamed uploads bypass maxBodyLength when maxRedirects: 0",
17 silly audit report       severity: 'moderate',
17 silly audit report       vulnerable_versions: '<=0.31.0',
17 silly audit report       cwe: [Array],
17 silly audit report       cvss: [Object]
17 silly audit report     },
17 silly audit report     {
17 silly audit report       id: 1117588,
17 silly audit report       url: 'https://github.com/advisories/GHSA-vf2m-468p-8v99',
17 silly audit report       title: 'Axios: HTTP adapter streamed responses bypass maxContentLength',
17 silly audit report       severity: 'moderate',
17 silly audit report       vulnerable_versions: '<=0.31.0',
17 silly audit report       cwe: [Array],
17 silly audit report       cvss: [Object]
17 silly audit report     },
17 silly audit report     {
17 silly audit report       id: 1117590,
17 silly audit report       url: 'https://github.com/advisories/GHSA-pf86-5x62-jrwf',
17 silly audit report       title: 'Axios: Prototype Pollution Gadgets - Response Tampering, Data Exfiltration, and Request Hijacking',
17 silly audit report       severity: 'high',
17 silly audit report       vulnerable_versions: '<=0.31.0',
17 silly audit report       cwe: [Array],
17 silly audit report       cvss: [Object]
17 silly audit report     },
17 silly audit report     {
17 silly audit report       id: 1117592,
17 silly audit report       url: 'https://github.com/advisories/GHSA-6chq-wfr3-2hj9',
17 silly audit report       title: 'Axios: Header Injection via Prototype Pollution',
17 silly audit report       severity: 'high',
17 silly audit report       vulnerable_versions: '<=0.31.0',
17 silly audit report       cwe: [Array],
17 silly audit report       cvss: [Object]
17 silly audit report     },
17 silly audit report     {
17 silly audit report       id: 1117594,
17 silly audit report       url: 'https://github.com/advisories/GHSA-xx6v-rp6x-q39c',
17 silly audit report       title: 'Axios: XSRF Token Cross-Origin Leakage via Prototype Pollution Gadget in `withXSRFToken` Boolean Coercion',
17 silly audit report       severity: 'moderate',
17 silly audit report       vulnerable_versions: '<=0.31.0',
17 silly audit report       cwe: [Array],
17 silly audit report       cvss: [Object]
17 silly audit report     },
17 silly audit report     {
17 silly audit report       id: 1117857,
17 silly audit report       url: 'https://github.com/advisories/GHSA-43fc-jf86-j433',
17 silly audit report       title: 'Axios is Vulnerable to Denial of Service via __proto__ Key in mergeConfig',
17 silly audit report       severity: 'high',
17 silly audit report       vulnerable_versions: '<=0.30.2',
17 silly audit report       cwe: [Array],
17 silly audit report       cvss: [Object]
17 silly audit report     },
17 silly audit report     {
17 silly audit report       id: 1123825,
17 silly audit report       url: 'https://github.com/advisories/GHSA-pjwm-pj3p-43mv',
17 silly audit report       title: "axios's shouldBypassProxy does not recognize IPv4-mapped IPv6 addresses, allowing NO_PROXY bypass (incomplete fix for CVE-2025-62718)",
17 silly audit report       severity: 'high',
17 silly audit report       vulnerable_versions: '<=0.31.1',
17 silly audit report       cwe: [Array],
17 silly audit report       cvss: [Object]
17 silly audit report     },
17 silly audit report     {
17 silly audit report       id: 1123958,
17 silly audit report       url: 'https://github.com/advisories/GHSA-mmx7-hfxf-jppx',
17 silly audit report       title: 'Axios: Prototype pollution gadgets can alter axios request construction',
17 silly audit report       severity: 'moderate',
17 silly audit report       vulnerable_versions: '<0.33.0',
17 silly audit report       cwe: [Array],
17 silly audit report       cvss: [Object]
17 silly audit report     },
17 silly audit report     {
17 silly audit report       id: 1123972,
17 silly audit report       url: 'https://github.com/advisories/GHSA-7q8q-rj6j-mhjq',
17 silly audit report       title: 'Axios: Nested axios option objects can consume polluted prototype values',
17 silly audit report       severity: 'moderate',
17 silly audit report       vulnerable_versions: '>=0.8.0 <0.33.0',
17 silly audit report       cwe: [Array],
17 silly audit report       cvss: [Object]
17 silly audit report     },
17 silly audit report     {
17 silly audit report       id: 1097679,
17 silly audit report       url: 'https://github.com/advisories/GHSA-wf5p-g6vw-rhxx',
17 silly audit report       title: 'Axios Cross-Site Request Forgery Vulnerability',
17 silly audit report       severity: 'moderate',
17 silly audit report       vulnerable_versions: '>=0.8.1 <0.28.0',
17 silly audit report       cwe: [Array],
17 silly audit report       cvss: [Object]
17 silly audit report     }
17 silly audit report   ],
17 silly audit report   minimatch: [
17 silly audit report     {
17 silly audit report       id: 1113459,
17 silly audit report       url: 'https://github.com/advisories/GHSA-3ppc-4f35-3m26',
17 silly audit report       title: 'minimatch has a ReDoS via repeated wildcards with non-matching literal in pattern',
17 silly audit report       severity: 'high',
17 silly audit report       vulnerable_versions: '<3.1.3',
17 silly audit report       cwe: [Array],
17 silly audit report       cvss: [Object]
17 silly audit report     },
17 silly audit report     {
17 silly audit report       id: 1113538,
17 silly audit report       url: 'https://github.com/advisories/GHSA-7r86-cg39-jmmj',
17 silly audit report       title: 'minimatch has ReDoS: matchOne() combinatorial backtracking via multiple non-adjacent GLOBSTAR segments',
17 silly audit report       severity: 'high',
17 silly audit report       vulnerable_versions: '<3.1.3',
17 silly audit report       cwe: [Array],
17 silly audit report       cvss: [Object]
17 silly audit report     },
17 silly audit report     {
17 silly audit report       id: 1113546,
17 silly audit report       url: 'https://github.com/advisories/GHSA-23c5-xmqv-rm74',
17 silly audit report       title: 'minimatch ReDoS: nested *() extglobs generate catastrophically backtracking regular expressions',
17 silly audit report       severity: 'high',
17 silly audit report       vulnerable_versions: '<3.1.4',
17 silly audit report       cwe: [Array],
17 silly audit report       cvss: [Object]
17 silly audit report     }
17 silly audit report   ]
17 silly audit report }
18 silly packumentCache corgi:https://registry.npmjs.org/file-type cache-miss
19 silly packumentCache corgi:https://registry.npmjs.org/axios cache-miss
20 silly packumentCache corgi:https://registry.npmjs.org/minimatch cache-miss
21 http fetch GET 200 https://registry.npmjs.org/file-type 150ms (cache revalidated)
22 silly packumentCache corgi:https://registry.npmjs.org/file-type set size:198411 disposed:false
23 http fetch GET 200 https://registry.npmjs.org/axios 280ms (cache revalidated)
24 silly packumentCache corgi:https://registry.npmjs.org/axios set size:299759 disposed:false
25 http fetch GET 200 https://registry.npmjs.org/minimatch 347ms (cache revalidated)
26 silly packumentCache corgi:https://registry.npmjs.org/minimatch set size:169442 disposed:false
27 silly packumentCache corgi:https://registry.npmjs.org/redstar cache-miss
28 http fetch GET 200 https://registry.npmjs.org/redstar 183ms (cache revalidated)
29 silly packumentCache corgi:https://registry.npmjs.org/redstar set size:1262 disposed:false
30 silly packumentCache corgi:https://registry.npmjs.org/node-fzf cache-miss
31 http fetch GET 200 https://registry.npmjs.org/node-fzf 151ms (cache revalidated)
32 silly packumentCache corgi:https://registry.npmjs.org/node-fzf set size:42290 disposed:false
33 silly packumentCache corgi:https://registry.npmjs.org/yt-search cache-miss
34 http fetch GET 200 https://registry.npmjs.org/yt-search 168ms (cache revalidated)
35 silly packumentCache corgi:https://registry.npmjs.org/yt-search set size:126336 disposed:false
36 warn allow-scripts 3 packages have install scripts not yet covered by allowScripts:
36 warn allow-scripts   baileys@7.0.0-rc14 (preinstall: node ./engine-requirements.js)
36 warn allow-scripts   better-sqlite3@11.10.0 (install: node-gyp rebuild)
36 warn allow-scripts   protobufjs@7.6.5 (postinstall: node scripts/postinstall)
36 warn allow-scripts
36 warn allow-scripts Run `npm approve-scripts --allow-scripts-pending` to review, or `npm approve-scripts <pkg>` to allow.
37 verbose cwd /home/container
38 verbose os Linux 6.8.0-137-generic
39 verbose node v22.23.0
40 verbose npm  v11.17.0
41 verbose exit 0
42 info ok
